data: 10.03.20 08:14
project=Chinkova
version=3.5.1.88 ИП Чинькова Ю.В.
build date=07.03.20 12:47 PM
model=HUAWEI P8max
android=6.0
stack:
java.lang.IllegalArgumentException: Comparison method violates its general contract!
	at java.util.TimSort.mergeLo(TimSort.java:761)
	at java.util.TimSort.mergeAt(TimSort.java:497)
	at java.util.TimSort.mergeCollapse(TimSort.java:424)
	at java.util.TimSort.sort(TimSort.java:210)
	at java.util.Arrays.sort(Arrays.java:1998)
	at java.util.Collections.sort(Collections.java:1900)
	at com.grsoft.napoleon.FolderTreeNodeEx.loadNodes(ItemGroupOrder.java:303)
	at com.grsoft.napoleon.ItemGroupOrder.hasItemInGroup(ItemGroupOrder.java:141)
	at com.grsoft.napoleon.ItemGroupOrder.getFolderView(ItemGroupOrder.java:127)
	at com.grsoft.util.WarehouseAdapter.getView(WarehouseAdapter.java:99)
	at android.widget.AbsListView.obtainView(AbsListView.java:2363)
	at android.widget.ListView.measureHeightOfChildren(ListView.java:1284)
	at android.widget.ListView.onMeasure(ListView.java:1192)
	at android.view.View.measure(View.java:18930)
	at android.view.ViewGroup.measureChildWithMargins(ViewGroup.java:5976)
	at android.widget.FrameLayout.onMeasure(FrameLayout.java:194)
	at android.view.View.measure(View.java:18930)
	at android.view.ViewGroup.measureChildWithMargins(ViewGroup.java:5976)
	at android.widget.LinearLayout.measureChildBeforeLayout(LinearLayout.java:1486)
	at android.widget.LinearLayout.measureVertical(LinearLayout.java:765)
	at android.widget.LinearLayout.onMeasure(LinearLayout.java:647)
	at android.view.View.measure(View.java:18930)
	at android.view.ViewGroup.measureChildWithMargins(ViewGroup.java:5976)
	at android.widget.FrameLayout.onMeasure(FrameLayout.java:194)
	at android.view.View.measure(View.java:18930)
	at android.view.ViewGroup.measureChildWithMargins(ViewGroup.java:5976)
	at com.android.internal.widget.ActionBarOverlayLayout.onMeasure(ActionBarOverlayLayout.java:446)
	at android.view.View.measure(View.java:18930)
	at android.view.ViewGroup.measureChildWithMargins(ViewGroup.java:5976)
	at android.widget.FrameLayout.onMeasure(FrameLayout.java:194)
	at com.android.internal.policy.PhoneWindow$DecorView.onMeasure(PhoneWindow.java:2705)
	at android.view.View.measure(View.java:18930)
	at android.view.ViewRootImpl.performMeasure(ViewRootImpl.java:2153)
	at android.view.ViewRootImpl.measureHierarchy(ViewRootImpl.java:1247)
	at android.view.ViewRootImpl.performTraversals(ViewRootImpl.java:1483)
	at android.view.ViewRootImpl.doTraversal(ViewRootImpl.java:1138)
	at android.view.ViewRootImpl$TraversalRunnable.run(ViewRootImpl.java:6227)
	at android.view.Choreographer$CallbackRecord.run(Choreographer.java:884)
	at android.view.Choreographer.doCallbacks(Choreographer.java:696)
	at android.view.Choreographer.doFrame(Choreographer.java:631)
	at android.view.Choreographer$FrameDisplayEventReceiver.run(Choreographer.java:870)
	at android.os.Handler.handleCallback(Handler.java:743)
	at android.os.Handler.dispatchMessage(Handler.java:95)
	at android.os.Looper.loop(Looper.java:150)
	at android.app.ActivityThread.main(ActivityThread.java:5546)
	at java.lang.reflect.Method.invoke(Native Method)
	at com.android.internal.os.ZygoteInit$MethodAndArgsCaller.run(ZygoteInit.java:792)
	at com.android.internal.os.ZygoteInit.main(ZygoteInit.java:682)
